// Jest Snapshot v1, https://goo.gl/fbAQLP

exports[`Компонент SelectField Рендерится с дефолтными пропсами (снимок) 1`] = `
<div
  class="itpc-select itpc-select_hover"
  data-testid="select-field"
>
  <button
    class="itpc-select__button"
    type="button"
  >
    <label
      class="itpc-placeholder"
    >
      Выберите элемент
    </label>
  </button>
  <i
    class="itpc-icon__arrow itpc-icon__arrow_orientation_bottom"
  >
    <svg
      height="8"
      viewBox="0 0 12 8"
      width="12"
      xmlns="http://www.w3.org/2000/svg"
    >
      <path
        d="M10.5134 0L6 4.82292L1.48659 0L0 1.58854L6 8L12 1.58854L10.5134 0Z"
      />
    </svg>
  </i>
</div>
`;
